
> insurance-policy-renewal-frontend@0.1.0 build
> react-scripts build

Creating an optimized production build...
Compiled with warnings.

[eslint] 
src\App.jsx
  Line 76:8:  'TrainingAnalysis' is defined but never used  no-unused-vars

src\components\collections\ActivityLogViewer.jsx
  Line 47:17:  'getFilteredLogs' is assigned a value but never used  no-unused-vars

src\components\collections\DebtorQRCDialog.jsx
  Line 55:25:  'ResolutionIcon' is defined but never used  no-unused-vars

src\components\common\AIBotIcon.jsx
  Line 41:10:  'isStreaming' is assigned a value but never used  no-unused-vars

src\components\common\BulkUpload.jsx
  Line 35:14:   'WarningIcon' is defined but never used             no-unused-vars
  Line 54:3:    'allowOverride' is assigned a value but never used  no-unused-vars
  Line 175:13:  'totalRecords' is assigned a value but never used   no-unused-vars
  Line 197:9:   Duplicate key 'failedRecords'                       no-dupe-keys

src\components\common\FailedRecordsViewer.jsx
  Line 16:3:   'Button' is defined but never used       no-unused-vars
  Line 27:14:  'RefreshIcon' is defined but never used  no-unused-vars

src\components\common\FamilyRecordTree.jsx
  Line 40:5:  Unexpected console statement  no-console

src\components\common\Layout.jsx
  Line 26:15:  'TimelineIcon' is defined but never used       no-unused-vars
  Line 29:15:  'DownloadIcon' is defined but never used       no-unused-vars
  Line 59:18:  'CustomerEmailIcon' is defined but never used  no-unused-vars
  Line 78:12:  'DistributionIcon' is defined but never used   no-unused-vars
  Line 87:13:  'DisputeIcon' is defined but never used        no-unused-vars

src\components\common\QualityAssessmentForm.jsx
  Line 15:3:  'Slider' is defined but never used   no-unused-vars
  Line 16:3:  'Divider' is defined but never used  no-unused-vars

src\components\common\WelcomeModal.jsx
  Line 13:3:   'StepContent' is defined but never used            no-unused-vars
  Line 33:17:  'TableChartIcon' is defined but never used         no-unused-vars
  Line 67:9:   'handleNotNow' is assigned a value but never used  no-unused-vars

src\components\intelligence\CrossSellUpSellIntelligence.jsx
  Line 27:20:  'HealthIcon' is defined but never used                                      no-unused-vars
  Line 28:20:  'CarIcon' is defined but never used                                         no-unused-vars
  Line 33:12:  'ServiceIcon' is defined but never used                                     no-unused-vars
  Line 39:40:  'customer' is defined but never used. Allowed unused args must match /^_/u  no-unused-vars

src\components\leads\DocumentCollectionTracker.jsx
  Line 27:3:   'Badge' is defined but never used                         no-unused-vars
  Line 39:11:  'EditIcon' is defined but never used                      no-unused-vars
  Line 73:10:  'selectedDocument' is assigned a value but never used     no-unused-vars
  Line 73:28:  'setSelectedDocument' is assigned a value but never used  no-unused-vars
  Line 146:5:  Unexpected console statement                              no-console

src\components\leads\LeadAnalytics.jsx
  Line 1:27:    'useEffect' is defined but never used                  no-unused-vars
  Line 18:3:    'AvatarGroup' is defined but never used                no-unused-vars
  Line 20:3:    'Stack' is defined but never used                      no-unused-vars
  Line 38:13:   'CancelIcon' is defined but never used                 no-unused-vars
  Line 40:17:   'AssessmentIcon' is defined but never used             no-unused-vars
  Line 45:12:   'PhoneIcon' is defined but never used                  no-unused-vars
  Line 46:12:   'EmailIcon' is defined but never used                  no-unused-vars
  Line 47:15:   'WhatsAppIcon' is defined but never used               no-unused-vars
  Line 48:18:   'InsertChartIcon' is defined but never used            no-unused-vars
  Line 140:25:  'setAnalyticsData' is assigned a value but never used  no-unused-vars

src\components\leads\LeadScoringIndicator.jsx
  Line 16:17:  'TrendingUpIcon' is defined but never used  no-unused-vars

src\components\leads\MultiContactNumberManager.jsx
  Line 40:12:  'ErrorIcon' is defined but never used                                     no-unused-vars
  Line 59:38:  'leadId' is defined but never used. Allowed unused args must match /^_/u  no-unused-vars
  Line 189:9:  'updatedNumbers' is never reassigned. Use 'const' instead                 prefer-const
  Line 240:9:  'handleToggleDND' is assigned a value but never used                      no-unused-vars

src\components\leads\PriorityIndicator.jsx
  Line 1:17:   'useState' is defined but never used        no-unused-vars
  Line 11:3:   'Badge' is defined but never used           no-unused-vars
  Line 14:3:   'IconButton' is defined but never used      no-unused-vars
  Line 22:17:  'TrendingUpIcon' is defined but never used  no-unused-vars
  Line 23:15:  'ScheduleIcon' is defined but never used    no-unused-vars
  Line 25:11:  'InfoIcon' is defined but never used        no-unused-vars

src\components\leads\QRCDialog.jsx
  Line 18:3:   'Tooltip' is defined but never used         no-unused-vars
  Line 56:25:  'ResolutionIcon' is defined but never used  no-unused-vars
  Line 66:17:  'TrendingUpIcon' is defined but never used  no-unused-vars
  Line 68:15:  'CategoryIcon' is defined but never used    no-unused-vars
  Line 72:11:  'StarIcon' is defined but never used        no-unused-vars

src\components\leave\LeaveManagementCalendar.jsx
  Line 23:3:   'Badge' is defined but never used                  no-unused-vars
  Line 60:10:  'selectedDate' is assigned a value but never used  no-unused-vars

src\components\notifications\Notifications.jsx
  Line 10:3:    'Divider' is defined but never used                                      no-unused-vars
  Line 21:3:    'Tooltip' is defined but never used                                      no-unused-vars
  Line 259:55:  'index' is defined but never used. Allowed unused args must match /^_/u  no-unused-vars

src\components\organization\OrganizationHierarchy.jsx
  Line 12:3:   'Tooltip' is defined but never used          no-unused-vars
  Line 28:17:  'PerformanceIcon' is defined but never used  no-unused-vars
  Line 29:18:  'ActiveIcon' is defined but never used       no-unused-vars
  Line 30:13:  'DotIcon' is defined but never used          no-unused-vars

src\components\settings\AdminSettings.jsx
  Line 4:3:     'Divider' is defined but never used                                      no-unused-vars
  Line 7:65:    'Fade' is defined but never used                                         no-unused-vars
  Line 18:18:   'CheckCircleIcon' is defined but never used                              no-unused-vars
  Line 735:75:  'index' is defined but never used. Allowed unused args must match /^_/u  no-unused-vars

src\components\settings\AutoAssignmentSettings.jsx
  Line 42:17:  'ResetIcon' is defined but never used                      no-unused-vars
  Line 43:11:  'InfoIcon' is defined but never used                       no-unused-vars
  Line 59:5:   'getAllAgentWorkloads' is assigned a value but never used  no-unused-vars

src\components\settings\DedupeSettings.jsx
  Line 34:3:   'Accordion' is defined but never used         no-unused-vars
  Line 35:3:   'AccordionSummary' is defined but never used  no-unused-vars
  Line 36:3:   'AccordionDetails' is defined but never used  no-unused-vars
  Line 48:11:  'SaveIcon' is defined but never used          no-unused-vars
  Line 51:14:  'RefreshIcon' is defined but never used       no-unused-vars
  Line 54:14:  'WarningIcon' is defined but never used       no-unused-vars
  Line 63:17:  'ExpandMoreIcon' is defined but never used    no-unused-vars
  Line 66:17:  'TimeIcon' is defined but never used          no-unused-vars
  Line 67:13:  'PersonIcon' is defined but never used        no-unused-vars
  Line 68:15:  'BusinessIcon' is defined but never used      no-unused-vars
  Line 69:17:  'FilterIcon' is defined but never used        no-unused-vars

src\components\settings\SLASettings.jsx
  Line 29:3:   'FormControl' is defined but never used      no-unused-vars
  Line 30:3:   'InputLabel' is defined but never used       no-unused-vars
  Line 31:3:   'Select' is defined but never used           no-unused-vars
  Line 32:3:   'MenuItem' is defined but never used         no-unused-vars
  Line 35:3:   'alpha' is defined but never used            no-unused-vars
  Line 40:10:  'AddIcon' is defined but never used          no-unused-vars
  Line 43:18:  'CheckCircleIcon' is defined but never used  no-unused-vars
  Line 44:14:  'WarningIcon' is defined but never used      no-unused-vars
  Line 49:15:  'SettingsIcon' is defined but never used     no-unused-vars
  Line 55:9:   'theme' is assigned a value but never used   no-unused-vars

src\components\tasks\TaskCalendarView.jsx
  Line 10:3:  'Alert' is defined but never used  no-unused-vars

src\components\tasks\TaskDialog.jsx
  Line 120:6:  React Hook useEffect has missing dependencies: 'RECURRENCE_PATTERN.DAILY', 'TASK_PRIORITY.MEDIUM', 'TASK_STATUS.TODO', and 'TASK_TYPE.CUSTOM'. Either include them or remove the dependency array  react-hooks/exhaustive-deps

src\components\whatsapp\ExecutiveChatInterface.jsx
  Line 5:10:   'Divider' is defined but never used                                                                              no-unused-vars
  Line 5:19:   'Button' is defined but never used                                                                               no-unused-vars
  Line 21:48:  'onClose' is defined but never used. Allowed unused args must match /^_/u                                        no-unused-vars
  Line 34:6:   React Hook useEffect has a missing dependency: 'loadMessages'. Either include it or remove the dependency array  react-hooks/exhaustive-deps

src\components\whatsapp\FlowBuilder.jsx
  Line 1:35:   'useCallback' is defined but never used                   no-unused-vars
  Line 1:48:   'useEffect' is defined but never used                     no-unused-vars
  Line 7:37:   'Accordion' is defined but never used                     no-unused-vars
  Line 7:48:   'AccordionSummary' is defined but never used              no-unused-vars
  Line 8:3:    'AccordionDetails' is defined but never used              no-unused-vars
  Line 8:46:   'Slider' is defined but never used                        no-unused-vars
  Line 8:54:   'RadioGroup' is defined but never used                    no-unused-vars
  Line 9:3:    'Radio' is defined but never used                         no-unused-vars
  Line 9:10:   'FormLabel' is defined but never used                     no-unused-vars
  Line 9:21:   'Checkbox' is defined but never used                      no-unused-vars
  Line 9:31:   'ListItemButton' is defined but never used                no-unused-vars
  Line 9:47:   'Tooltip' is defined but never used                       no-unused-vars
  Line 9:56:   'Badge' is defined but never used                         no-unused-vars
  Line 10:3:   'Stepper' is defined but never used                       no-unused-vars
  Line 10:12:  'Step' is defined but never used                          no-unused-vars
  Line 10:18:  'StepLabel' is defined but never used                     no-unused-vars
  Line 10:29:  'StepContent' is defined but never used                   no-unused-vars
  Line 10:47:  'Menu' is defined but never used                          no-unused-vars
  Line 10:65:  'MenuItemComponent' is defined but never used             no-unused-vars
  Line 28:16:  'AnalyticsIcon' is defined but never used                 no-unused-vars
  Line 30:14:  'HistoryIcon' is defined but never used                   no-unused-vars
  Line 31:17:  'ExpandMoreIcon' is defined but never used                no-unused-vars
  Line 35:12:  'PhoneIcon' is defined but never used                     no-unused-vars
  Line 37:15:  'LanguageIcon' is defined but never used                  no-unused-vars
  Line 39:20:  'AccessibilityIcon' is defined but never used             no-unused-vars
  Line 41:13:  'UploadIcon' is defined but never used                    no-unused-vars
  Line 42:15:  'SettingsIcon' is defined but never used                  no-unused-vars
  Line 43:15:  'SecurityIcon' is defined but never used                  no-unused-vars
  Line 44:15:  'ScheduleIcon' is defined but never used                  no-unused-vars
  Line 45:28:  'NotificationIcon' is defined but never used              no-unused-vars
  Line 76:10:  'selectedLanguage' is assigned a value but never used     no-unused-vars
  Line 76:28:  'setSelectedLanguage' is assigned a value but never used  no-unused-vars

src\context\AuthContext.js
  Line 169:6:  React Hook useEffect has a missing dependency: 'isAccountExpired'. Either include it or remove the dependency array  react-hooks/exhaustive-deps

src\context\CommissionContext.jsx
  Line 110:6:  React Hook useCallback has a missing dependency: 'updateAgentData'. Either include it or remove the dependency array  react-hooks/exhaustive-deps

src\context\DispositionContext.jsx
  Line 269:19:  'setLoading' is assigned a value but never used  no-unused-vars

src\context\LeadContext.js
  Line 1:67:    'useCallback' is defined but never used          no-unused-vars
  Line 172:14:  'users' is assigned a value but never used       no-unused-vars
  Line 172:21:  'sources' is assigned a value but never used     no-unused-vars
  Line 172:30:  'statuses' is assigned a value but never used    no-unused-vars
  Line 172:40:  'priorities' is assigned a value but never used  no-unused-vars

src\context\LeadScoringContext.jsx
  Line 4:3:  'calculateLeadScore' is defined but never used  no-unused-vars
  Line 5:3:  'getLeadGrade' is defined but never used        no-unused-vars

src\context\TaskManagementContext.jsx
  Line 15:3:  'calculateParentProgress' is defined but never used  no-unused-vars

src\context\VahanContext.jsx
  Line 129:11:  'cleanNumber' is assigned a value but never used  no-unused-vars

src\pages\ArchivedLeads.jsx
  Line 104:9:  'archivedReasonOptions' is assigned a value but never used  no-unused-vars

src\pages\AssignedLeads.jsx
  Line 24:3:   'Paper' is defined but never used                        no-unused-vars
  Line 34:13:  'DeleteIcon' is defined but never used                   no-unused-vars
  Line 36:15:  'WhatsAppIcon' is defined but never used                 no-unused-vars
  Line 37:10:  'AddIcon' is defined but never used                      no-unused-vars
  Line 56:10:  'selectedLead' is assigned a value but never used        no-unused-vars
  Line 104:9:  'handleQuickNote' is assigned a value but never used     no-unused-vars
  Line 109:9:  'handleStatusChange' is assigned a value but never used  no-unused-vars

src\pages\AutoAssignmentMonitoring.jsx
  Line 56:53:  React Hook useMemo has a missing dependency: 'getAssignmentStats'. Either include it or remove the dependency array      react-hooks/exhaustive-deps
  Line 57:66:  React Hook useMemo has a missing dependency: 'getAllAgentWorkloads'. Either include it or remove the dependency array    react-hooks/exhaustive-deps
  Line 58:69:  React Hook useMemo has a missing dependency: 'getAvailableAgentsList'. Either include it or remove the dependency array  react-hooks/exhaustive-deps

src\pages\AutoQuoteSharingSettings.jsx
  Line 38:3:    'Dialog' is defined but never used                                          no-unused-vars
  Line 39:3:    'DialogTitle' is defined but never used                                     no-unused-vars
  Line 40:3:    'DialogContent' is defined but never used                                   no-unused-vars
  Line 41:3:    'DialogActions' is defined but never used                                   no-unused-vars
  Line 53:17:   'AccessTimeIcon' is defined but never used                                  no-unused-vars
  Line 55:15:   'SecurityIcon' is defined but never used                                    no-unused-vars
  Line 57:11:   'EditIcon' is defined but never used                                        no-unused-vars
  Line 58:13:   'DeleteIcon' is defined but never used                                      no-unused-vars
  Line 59:10:   'AddIcon' is defined but never used                                         no-unused-vars
  Line 60:11:   'SaveIcon' is defined but never used                                        no-unused-vars
  Line 152:30:  'endpoint' is defined but never used. Allowed unused args must match /^_/u  no-unused-vars
  Line 152:40:  'data' is defined but never used. Allowed unused args must match /^_/u      no-unused-vars

src\pages\CallQualityAnalytics.jsx
  Line 6:53:   'Tooltip' is defined but never used           no-unused-vars
  Line 6:62:   'IconButton' is defined but never used        no-unused-vars
  Line 13:31:  'StarIcon' is defined but never used          no-unused-vars
  Line 13:57:  'TrendingDownIcon' is defined but never used  no-unused-vars

src\pages\CallQualityDetails.jsx
  Line 35:5:  Unexpected console statement  no-console

src\pages\CallQualityMonitoring.jsx
  Line 5:46:  'TextField' is defined but never used  no-unused-vars
  Line 9:70:  'PlayIcon' is defined but never used   no-unused-vars

src\pages\CallRecording.jsx
  Line 5:51:   'Button' is defined but never used                           no-unused-vars
  Line 7:10:   'Badge' is defined but never used                            no-unused-vars
  Line 10:16:  'PlayIcon' is defined but never used                         no-unused-vars
  Line 64:9:   'agents' is assigned a value but never used                  no-unused-vars
  Line 66:9:   'handleRecordingControl' is assigned a value but never used  no-unused-vars

src\pages\CampaignDetails.jsx
  Line 5:3:    'Dialog' is defined but never used                                                                                      no-unused-vars
  Line 5:11:   'DialogTitle' is defined but never used                                                                                 no-unused-vars
  Line 5:24:   'DialogContent' is defined but never used                                                                               no-unused-vars
  Line 5:39:   'DialogActions' is defined but never used                                                                               no-unused-vars
  Line 5:61:   'FormControl' is defined but never used                                                                                 no-unused-vars
  Line 6:3:    'InputLabel' is defined but never used                                                                                  no-unused-vars
  Line 6:15:   'Select' is defined but never used                                                                                      no-unused-vars
  Line 6:23:   'MenuItem' is defined but never used                                                                                    no-unused-vars
  Line 6:33:   'TextField' is defined but never used                                                                                   no-unused-vars
  Line 7:14:   'Table' is defined but never used                                                                                       no-unused-vars
  Line 7:21:   'TableBody' is defined but never used                                                                                   no-unused-vars
  Line 7:32:   'TableCell' is defined but never used                                                                                   no-unused-vars
  Line 7:43:   'TableContainer' is defined but never used                                                                              no-unused-vars
  Line 7:59:   'TableHead' is defined but never used                                                                                   no-unused-vars
  Line 7:70:   'TableRow' is defined but never used                                                                                    no-unused-vars
  Line 8:56:   'Alert' is defined but never used                                                                                       no-unused-vars
  Line 8:63:   'Badge' is defined but never used                                                                                       no-unused-vars
  Line 9:13:   'alpha' is defined but never used                                                                                       no-unused-vars
  Line 9:26:   'Grow' is defined but never used                                                                                        no-unused-vars
  Line 9:32:   'Stepper' is defined but never used                                                                                     no-unused-vars
  Line 9:41:   'Step' is defined but never used                                                                                        no-unused-vars
  Line 9:47:   'StepLabel' is defined but never used                                                                                   no-unused-vars
  Line 9:58:   'StepContent' is defined but never used                                                                                 no-unused-vars
  Line 14:13:  'DeleteIcon' is defined but never used                                                                                  no-unused-vars
  Line 18:11:  'StopIcon' is defined but never used                                                                                    no-unused-vars
  Line 23:15:  'ScheduleIcon' is defined but never used                                                                                no-unused-vars
  Line 29:17:  'TemplateIcon' is defined but never used                                                                                no-unused-vars
  Line 39:15:  'TimelineIcon' is defined but never used                                                                                no-unused-vars
  Line 40:17:  'AccessTimeIcon' is defined but never used                                                                              no-unused-vars
  Line 41:20:  'CalendarIcon' is defined but never used                                                                                no-unused-vars
  Line 45:24:  'LineChart' is defined but never used                                                                                   no-unused-vars
  Line 45:35:  'Line' is defined but never used                                                                                        no-unused-vars
  Line 45:41:  'PieChart' is defined but never used                                                                                    no-unused-vars
  Line 45:51:  'Pie' is defined but never used                                                                                         no-unused-vars
  Line 45:56:  'Cell' is defined but never used                                                                                        no-unused-vars
  Line 55:10:  'editDialog' is assigned a value but never used                                                                         no-unused-vars
  Line 56:10:  'previewDialog' is assigned a value but never used                                                                      no-unused-vars
  Line 56:25:  'setPreviewDialog' is assigned a value but never used                                                                   no-unused-vars
  Line 61:6:   React Hook useEffect has a missing dependency: 'loadCampaignDetails'. Either include it or remove the dependency array  react-hooks/exhaustive-deps

src\pages\CaseDetails.jsx
  Line 93:17:  'TrendingUpIcon' is defined but never used                         no-unused-vars
  Line 398:9:  'handleCommunicationTabChange' is assigned a value but never used  no-unused-vars

src\pages\CaseTracking.jsx
  Line 605:11:   'checkDuplicate' is assigned a value but never used                      no-unused-vars
  Line 3453:19:  'uploadedBy' is assigned a value but never used                          no-unused-vars
  Line 3455:56:  'index' is defined but never used. Allowed unused args must match /^_/u  no-unused-vars

src\pages\ClaimsHistory.jsx
  Line 7:3:    'Button' is defined but never used          no-unused-vars
  Line 21:3:   'LinearProgress' is defined but never used  no-unused-vars
  Line 40:18:  'MoneyIcon' is defined but never used       no-unused-vars
  Line 44:17:  'DocumentIcon' is defined but never used    no-unused-vars
  Line 45:12:  'PhoneIcon' is defined but never used       no-unused-vars
  Line 46:12:  'EmailIcon' is defined but never used       no-unused-vars
  Line 47:13:  'PersonIcon' is defined but never used      no-unused-vars
  Line 48:20:  'CalendarIcon' is defined but never used    no-unused-vars
  Line 49:17:  'TrendingUpIcon' is defined but never used  no-unused-vars
  Line 50:17:  'AssessmentIcon' is defined but never used  no-unused-vars
  Line 51:15:  'SecurityIcon' is defined but never used    no-unused-vars

src\pages\ClosedCases.jsx
  Line 20:16:  'FactCheckIcon' is defined but never used  no-unused-vars

src\pages\ClosedLeads.jsx
  Line 24:3:   'Paper' is defined but never used         no-unused-vars
  Line 33:12:  'EmailIcon' is defined but never used     no-unused-vars
  Line 34:15:  'WhatsAppIcon' is defined but never used  no-unused-vars

src\pages\CommissionTracking.jsx
  Line 26:3:   'Tooltip' is defined but never used                                                                                      no-unused-vars
  Line 40:14:  'StatementIcon' is defined but never used                                                                                no-unused-vars
  Line 47:5:   'config' is assigned a value but never used                                                                              no-unused-vars
  Line 73:48:  React Hook useMemo has a missing dependency: 'getStatistics'. Either include it or remove the dependency array           react-hooks/exhaustive-deps
  Line 74:63:  React Hook useMemo has a missing dependency: 'getPendingCommissions'. Either include it or remove the dependency array   react-hooks/exhaustive-deps
  Line 75:65:  React Hook useMemo has a missing dependency: 'getApprovedCommissions'. Either include it or remove the dependency array  react-hooks/exhaustive-deps
  Line 76:57:  React Hook useMemo has a missing dependency: 'getPaidCommissions'. Either include it or remove the dependency array      react-hooks/exhaustive-deps
  Line 84:32:  'comms' is assigned a value but never used                                                                               no-unused-vars
  Line 87:6:   React Hook useMemo has a missing dependency: 'getFilteredCommissions'. Either include it or remove the dependency array  react-hooks/exhaustive-deps

src\pages\CommunicationDetails.jsx
  Line 1:27:    'useEffect' is defined but never used                                    no-unused-vars
  Line 5:3:     'Paper' is defined but never used                                        no-unused-vars
  Line 8:3:     'Button' is defined but never used                                       no-unused-vars
  Line 23:3:    'Badge' is defined but never used                                        no-unused-vars
  Line 24:3:    'Tooltip' is defined but never used                                      no-unused-vars
  Line 28:3:    'Timeline' is defined but never used                                     no-unused-vars
  Line 29:3:    'TimelineItem' is defined but never used                                 no-unused-vars
  Line 30:3:    'TimelineSeparator' is defined but never used                            no-unused-vars
  Line 31:3:    'TimelineConnector' is defined but never used                            no-unused-vars
  Line 32:3:    'TimelineContent' is defined but never used                              no-unused-vars
  Line 33:3:    'TimelineDot' is defined but never used                                  no-unused-vars
  Line 34:3:    'TimelineOppositeContent' is defined but never used                      no-unused-vars
  Line 48:12:   'ReplyIcon' is defined but never used                                    no-unused-vars
  Line 49:14:   'ForwardIcon' is defined but never used                                  no-unused-vars
  Line 654:66:  'index' is defined but never used. Allowed unused args must match /^_/u  no-unused-vars

src\pages\ComplaintsManagement.jsx
  Line 5:10:   'IconButton' is defined but never used                                                                               no-unused-vars
  Line 7:26:   'LinearProgress' is defined but never used                                                                           no-unused-vars
  Line 16:37:  'CriticalIcon' is defined but never used                                                                             no-unused-vars
  Line 46:6:   React Hook useEffect has a missing dependency: 'filterComplaints'. Either include it or remove the dependency array  react-hooks/exhaustive-deps

src\pages\ContactDatabase.jsx
  Line 12:61:  'ExportIcon' is defined but never used                                                                             no-unused-vars
  Line 13:71:  'PersonIcon' is defined but never used                                                                             no-unused-vars
  Line 15:19:  'ContactPhoneIcon' is defined but never used                                                                       no-unused-vars
  Line 65:6:   React Hook useEffect has a missing dependency: 'filterContacts'. Either include it or remove the dependency array  react-hooks/exhaustive-deps

src\pages\CustomerDatabase.jsx
  Line 10:11:  'FormControlLabel' is defined but never used                                                                        no-unused-vars
  Line 10:29:  'Switch' is defined but never used                                                                                  no-unused-vars
  Line 13:47:  'DeleteIcon' is defined but never used                                                                              no-unused-vars
  Line 14:61:  'ExportIcon' is defined but never used                                                                              no-unused-vars
  Line 15:71:  'PersonIcon' is defined but never used                                                                              no-unused-vars
  Line 28:51:  'deleteCustomer' is assigned a value but never used                                                                 no-unused-vars
  Line 76:6:   React Hook useEffect has a missing dependency: 'filterCustomers'. Either include it or remove the dependency array  react-hooks/exhaustive-deps

src\pages\CustomerFeedback.jsx
  Line 5:34:   'LinearProgress' is defined but never used  no-unused-vars
  Line 12:84:  'Legend' is defined but never used          no-unused-vars

src\pages\CustomerServiceEmail.jsx
  Line 9:12:   'EmailIcon' is defined but never used   no-unused-vars
  Line 10:33:  'DraftsIcon' is defined but never used  no-unused-vars
  Line 12:39:  'AttachIcon' is defined but never used  no-unused-vars

src\pages\Dashboard.jsx
  Line 3189:33:  'category' is defined but never used. Allowed unused args must match /^_/u  no-unused-vars
  Line 3271:73:  'index' is defined but never used. Allowed unused args must match /^_/u     no-unused-vars

src\pages\DispositionConfigurator.jsx
  Line 8:12:   'Badge' is defined but never used                    no-unused-vars
  Line 9:3:    'List' is defined but never used                     no-unused-vars
  Line 9:9:    'ListItem' is defined but never used                 no-unused-vars
  Line 9:19:   'ListItemIcon' is defined but never used             no-unused-vars
  Line 9:33:   'ListItemText' is defined but never used             no-unused-vars
  Line 9:47:   'ListItemSecondaryAction' is defined but never used  no-unused-vars
  Line 18:13:  'CancelIcon' is defined but never used               no-unused-vars
  Line 19:15:  'SettingsIcon' is defined but never used             no-unused-vars
  Line 20:14:  'ThumbUpIcon' is defined but never used              no-unused-vars
  Line 21:16:  'ThumbDownIcon' is defined but never used            no-unused-vars
  Line 22:20:  'PhoneCallbackIcon' is defined but never used        no-unused-vars
  Line 23:18:  'PhoneMissedIcon' is defined but never used          no-unused-vars
  Line 24:12:  'BlockIcon' is defined but never used                no-unused-vars
  Line 25:17:  'StatsIcon' is defined but never used                no-unused-vars

src\pages\DuplicateLeads.jsx
  Line 36:13:  'DeleteIcon' is defined but never used                      no-unused-vars
  Line 37:11:  'LinkIcon' is defined but never used                        no-unused-vars
  Line 46:9:   'navigate' is assigned a value but never used               no-unused-vars
  Line 53:10:  'confirmDialog' is assigned a value but never used          no-unused-vars
  Line 53:25:  'setConfirmDialog' is assigned a value but never used       no-unused-vars
  Line 179:9:  'statusOptions' is assigned a value but never used          no-unused-vars
  Line 189:9:  'handleSort' is assigned a value but never used             no-unused-vars
  Line 211:9:  'handleDeleteDuplicate' is assigned a value but never used  no-unused-vars

src\pages\EmailDashboard.jsx
  Line 23:3:   'Divider' is defined but never used          no-unused-vars
  Line 28:18:  'CheckCircleIcon' is defined but never used  no-unused-vars
  Line 38:20:  'CalendarIcon' is defined but never used     no-unused-vars
  Line 309:9:  'COLORS' is assigned a value but never used  no-unused-vars

src\pages\EmailDetail.jsx
  Line 67:12:    'EmailIcon' is defined but never used                                    no-unused-vars
  Line 1256:17:  Unexpected console statement                                             no-console
  Line 1339:59:  'index' is defined but never used. Allowed unused args must match /^_/u  no-unused-vars
  Line 1384:17:  Unexpected console statement                                             no-console

src\pages\FeaturesShowcase.jsx
  Line 11:3:  'alpha' is defined but never used  no-unused-vars

src\pages\InboundCallTest.jsx
  Line 25:9:  'theme' is assigned a value but never used  no-unused-vars

src\pages\InboundCustomerService.jsx
  Line 6:10:   'IconButton' is defined but never used                                                                            no-unused-vars
  Line 11:10:  'AddIcon' is defined but never used                                                                               no-unused-vars
  Line 15:38:  'EventIcon' is defined but never used                                                                             no-unused-vars
  Line 51:6:   React Hook useEffect has a missing dependency: 'filterTickets'. Either include it or remove the dependency array  react-hooks/exhaustive-deps

src\pages\InsurerProductConfigurator.jsx
  Line 8:12:   'Badge' is defined but never used             no-unused-vars
  Line 8:45:   'Stack' is defined but never used             no-unused-vars
  Line 17:15:  'SettingsIcon' is defined but never used      no-unused-vars
  Line 19:13:  'DisconnectedIcon' is defined but never used  no-unused-vars
  Line 27:18:  'MoneyIcon' is defined but never used         no-unused-vars
  Line 29:17:  'TagIcon' is defined but never used           no-unused-vars
  Line 30:15:  'ActiveIcon' is defined but never used        no-unused-vars
  Line 31:16:  'InactiveIcon' is defined but never used      no-unused-vars
  Line 32:17:  'StatsIcon' is defined but never used         no-unused-vars
  Line 50:5:   'loading' is assigned a value but never used  no-unused-vars

src\pages\KPIManagement.jsx
  Line 35:3:    'Paper' is defined but never used                 no-unused-vars
  Line 36:3:    'Divider' is defined but never used               no-unused-vars
  Line 39:3:    'Stack' is defined but never used                 no-unused-vars
  Line 41:3:    'Rating' is defined but never used                no-unused-vars
  Line 46:13:   'DeleteIcon' is defined but never used            no-unused-vars
  Line 49:17:   'FilterIcon' is defined but never used            no-unused-vars
  Line 54:17:   'AssessmentIcon' is defined but never used        no-unused-vars
  Line 55:13:   'PersonIcon' is defined but never used            no-unused-vars
  Line 56:15:   'BusinessIcon' is defined but never used          no-unused-vars
  Line 57:15:   'ScheduleIcon' is defined but never used          no-unused-vars
  Line 58:11:   'StarIcon' is defined but never used              no-unused-vars
  Line 59:13:   'TargetIcon' is defined but never used            no-unused-vars
  Line 60:18:   'CheckCircleIcon' is defined but never used       no-unused-vars
  Line 61:14:   'WarningIcon' is defined but never used           no-unused-vars
  Line 62:12:   'ErrorIcon' is defined but never used             no-unused-vars
  Line 63:15:   'DownloadIcon' is defined but never used          no-unused-vars
  Line 64:13:   'UploadIcon' is defined but never used            no-unused-vars
  Line 65:15:   'BarChartIcon' is defined but never used          no-unused-vars
  Line 66:15:   'PieChartIcon' is defined but never used          no-unused-vars
  Line 67:15:   'TimelineIcon' is defined but never used          no-unused-vars
  Line 198:10:  'selectedKPI' is assigned a value but never used  no-unused-vars

src\pages\LeadDetails.jsx
  Line 59:13:    'CancelIcon' is defined but never used                         no-unused-vars
  Line 60:21:    'PendingIcon' is defined but never used                        no-unused-vars
  Line 69:17:    'StarBorderIcon' is defined but never used                     no-unused-vars
  Line 649:9:    'handleDeleteCallLog' is assigned a value but never used       no-unused-vars
  Line 653:9:    'handleDeleteUploadedFile' is assigned a value but never used  no-unused-vars
  Line 1695:19:  Unexpected console statement                                   no-console
  Line 1709:19:  Unexpected console statement                                   no-console
  Line 3356:15:  Unexpected console statement                                   no-console

src\pages\LeadMIS.jsx
  Line 41:17:   'FilterIcon' is defined but never used                      no-unused-vars
  Line 156:10:  'selectedDuplicates' is assigned a value but never used     no-unused-vars
  Line 156:30:  'setSelectedDuplicates' is assigned a value but never used  no-unused-vars

src\pages\LeadManagement.jsx
  Line 13:8:     'callAttemptService' is defined but never used                                                                      no-unused-vars
  Line 52:3:     'Tabs' is defined but never used                                                                                    no-unused-vars
  Line 53:3:     'Tab' is defined but never used                                                                                     no-unused-vars
  Line 55:3:     'List' is defined but never used                                                                                    no-unused-vars
  Line 56:3:     'ListItem' is defined but never used                                                                                no-unused-vars
  Line 57:3:     'ListItemAvatar' is defined but never used                                                                          no-unused-vars
  Line 59:3:     'Badge' is defined but never used                                                                                   no-unused-vars
  Line 64:11:    'EditIcon' is defined but never used                                                                                no-unused-vars
  Line 69:12:    'PhoneIcon' is defined but never used                                                                               no-unused-vars
  Line 74:19:    'ChangeCircleIcon' is defined but never used                                                                        no-unused-vars
  Line 76:12:    'CloseIcon' is defined but never used                                                                               no-unused-vars
  Line 78:15:    'BusinessIcon' is defined but never used                                                                            no-unused-vars
  Line 79:18:    'MoneyIcon' is defined but never used                                                                               no-unused-vars
  Line 80:20:    'CalendarIcon' is defined but never used                                                                            no-unused-vars
  Line 81:17:    'TaskIcon' is defined but never used                                                                                no-unused-vars
  Line 83:18:    'DocumentIcon' is defined but never used                                                                            no-unused-vars
  Line 85:15:    'FileIcon' is defined but never used                                                                                no-unused-vars
  Line 86:18:    'CheckCircleIcon' is defined but never used                                                                         no-unused-vars
  Line 87:13:    'CancelIcon' is defined but never used                                                                              no-unused-vars
  Line 88:21:    'PendingIcon' is defined but never used                                                                             no-unused-vars
  Line 89:22:    'InsuranceDocIcon' is defined but never used                                                                        no-unused-vars
  Line 92:20:    'CloudDownloadIcon' is defined but never used                                                                       no-unused-vars
  Line 629:71:   'isVehicleVerified' is assigned a value but never used                                                              no-unused-vars
  Line 670:10:   'uploadType' is assigned a value but never used                                                                     no-unused-vars
  Line 670:22:   'setUploadType' is assigned a value but never used                                                                  no-unused-vars
  Line 677:25:   'setVehicleNumber' is assigned a value but never used                                                               no-unused-vars
  Line 678:10:   'vehicleDetails' is assigned a value but never used                                                                 no-unused-vars
  Line 679:10:   'selectedState' is assigned a value but never used                                                                  no-unused-vars
  Line 680:10:   'stateLeads' is assigned a value but never used                                                                     no-unused-vars
  Line 734:9:    'stateOptions' is assigned a value but never used                                                                   no-unused-vars
  Line 752:9:    'mockPolicies' is assigned a value but never used                                                                   no-unused-vars
  Line 794:6:    React Hook useEffect has a missing dependency: 'setSearchParams'. Either include it or remove the dependency array  react-hooks/exhaustive-deps
  Line 908:7:    Unexpected console statement                                                                                        no-console
  Line 910:5:    Unexpected console statement                                                                                        no-console
  Line 916:13:   'duplicateInfo' is never reassigned. Use 'const' instead                                                            prefer-const
  Line 992:5:    Unexpected console statement                                                                                        no-console
  Line 995:5:    Unexpected console statement                                                                                        no-console
  Line 997:9:    'assignmentResults' is never reassigned. Use 'const' instead                                                        prefer-const
  Line 1008:9:   Unexpected console statement                                                                                        no-console
  Line 1014:9:   Unexpected console statement                                                                                        no-console
  Line 1028:11:  Unexpected console statement                                                                                        no-console
  Line 1055:13:  Unexpected console statement                                                                                        no-console
  Line 1067:13:  Unexpected console statement                                                                                        no-console
  Line 1072:9:   Unexpected console statement                                                                                        no-console
  Line 1077:5:   Unexpected console statement                                                                                        no-console
  Line 1263:9:   'handleVehicleVerify' is assigned a value but never used                                                            no-unused-vars
  Line 1279:9:   'handleStateChange' is assigned a value but never used                                                              no-unused-vars
  Line 1284:9:   'handleCheckExpiry' is assigned a value but never used                                                              no-unused-vars
  Line 1312:9:   'getExpiryStatusColor' is assigned a value but never used                                                           no-unused-vars
  Line 1487:9:   'handleQuickNotes' is assigned a value but never used                                                               no-unused-vars
  Line 1841:21:  Unexpected console statement                                                                                        no-console
  Line 1842:21:  Unexpected console statement                                                                                        no-console

src\pages\NotInterestedCases.jsx
  Line 3:20:    'Paper' is defined but never used                                                                                          no-unused-vars
  Line 7:52:    'Divider' is defined but never used                                                                                        no-unused-vars
  Line 12:15:   'TimelineIcon' is defined but never used                                                                                   no-unused-vars
  Line 17:15:   'MoreIcon' is defined but never used                                                                                       no-unused-vars
  Line 98:6:    React Hook useEffect has a missing dependency: 'mockNotInterestedCases'. Either include it or remove the dependency array  react-hooks/exhaustive-deps
  Line 387:33:  Unexpected console statement                                                                                               no-console
  Line 425:33:  Unexpected console statement                                                                                               no-console
  Line 443:33:  Unexpected console statement                                                                                               no-console

src\pages\PaymentLinkManagement.jsx
  Line 51:17:  'FilterIcon' is defined but never used                                                                               no-unused-vars
  Line 96:6:   React Hook useEffect has a missing dependency: 'loadPaymentLinks'. Either include it or remove the dependency array  react-hooks/exhaustive-deps

src\pages\PolicyProposalGeneration.jsx
  Line 32:3:   'alpha' is defined but never used         no-unused-vars
  Line 43:20:  'CalendarIcon' is defined but never used  no-unused-vars

src\pages\Profile.jsx
  Line 3:20:  'Paper' is defined but never used  no-unused-vars
  Line 7:28:  'alpha' is defined but never used  no-unused-vars

src\pages\QRCManagement.jsx
  Line 32:3:    'RadioGroup' is defined but never used                               no-unused-vars
  Line 33:3:    'Tabs' is defined but never used                                     no-unused-vars
  Line 34:3:    'Tab' is defined but never used                                      no-unused-vars
  Line 36:3:    'Divider' is defined but never used                                  no-unused-vars
  Line 43:17:   'FilterIcon' is defined but never used                               no-unused-vars
  Line 44:19:   'PhoneInboundIcon' is defined but never used                         no-unused-vars
  Line 48:20:   'CalendarIcon' is defined but never used                             no-unused-vars
  Line 49:13:   'PersonIcon' is defined but never used                               no-unused-vars
  Line 50:17:   'LocationIcon' is defined but never used                             no-unused-vars
  Line 51:11:   'NoteIcon' is defined but never used                                 no-unused-vars
  Line 52:15:   'BusinessIcon' is defined but never used                             no-unused-vars
  Line 62:10:   'currentTab' is assigned a value but never used                      no-unused-vars
  Line 62:22:   'setCurrentTab' is assigned a value but never used                   no-unused-vars
  Line 577:32:  'e' is defined but never used. Allowed unused args must match /^_/u  no-unused-vars
  Line 586:32:  'e' is defined but never used. Allowed unused args must match /^_/u  no-unused-vars

src\pages\QuoteManagement.jsx
  Line 4:3:    'Table' is defined but never used                      no-unused-vars
  Line 4:10:   'TableBody' is defined but never used                  no-unused-vars
  Line 4:21:   'TableCell' is defined but never used                  no-unused-vars
  Line 4:32:   'TableContainer' is defined but never used             no-unused-vars
  Line 4:48:   'TableHead' is defined but never used                  no-unused-vars
  Line 4:59:   'TableRow' is defined but never used                   no-unused-vars
  Line 10:9:   'Collapse' is defined but never used                   no-unused-vars
  Line 54:10:  'openDialog' is assigned a value but never used        no-unused-vars
  Line 54:22:  'setOpenDialog' is assigned a value but never used     no-unused-vars
  Line 60:10:  'expandedCards' is assigned a value but never used     no-unused-vars
  Line 439:9:  'toggleExpandCard' is assigned a value but never used  no-unused-vars

src\pages\Register.jsx
  Line 9:10:  'Chip' is defined but never used  no-unused-vars

src\pages\ReminderConfiguration.jsx
  Line 46:15:  'ScheduleIcon' is defined but never used  no-unused-vars

src\pages\ReminderManagement.jsx
  Line 30:3:   'Badge' is defined but never used                         no-unused-vars
  Line 32:3:   'Alert' is defined but never used                         no-unused-vars
  Line 42:23:  'MutedReminderIcon' is defined but never used             no-unused-vars
  Line 43:11:  'EditIcon' is defined but never used                      no-unused-vars
  Line 90:10:  'editDialog' is assigned a value but never used           no-unused-vars
  Line 90:22:  'setEditDialog' is assigned a value but never used        no-unused-vars
  Line 91:10:  'selectedReminder' is assigned a value but never used     no-unused-vars
  Line 91:28:  'setSelectedReminder' is assigned a value but never used  no-unused-vars

src\pages\RenewalFailedCases.jsx
  Line 3:20:    'Paper' is defined but never used                                                                                          no-unused-vars
  Line 7:52:    'Divider' is defined but never used                                                                                        no-unused-vars
  Line 12:15:   'TimelineIcon' is defined but never used                                                                                   no-unused-vars
  Line 17:15:   'MoreIcon' is defined but never used                                                                                       no-unused-vars
  Line 98:6:    React Hook useEffect has a missing dependency: 'mockRenewalFailedCases'. Either include it or remove the dependency array  react-hooks/exhaustive-deps
  Line 387:33:  Unexpected console statement                                                                                               no-console
  Line 425:33:  Unexpected console statement                                                                                               no-console
  Line 443:33:  Unexpected console statement                                                                                               no-console

src\pages\SLAMonitoring.jsx
  Line 14:3:   'Paper' is defined but never used                           no-unused-vars
  Line 34:19:  'TrendingDownIcon' is defined but never used                no-unused-vars
  Line 39:12:  'PhoneIcon' is defined but never used                       no-unused-vars
  Line 40:13:  'RetryIcon' is defined but never used                       no-unused-vars
  Line 41:15:  'SettingsIcon' is defined but never used                    no-unused-vars
  Line 42:11:  'SaveIcon' is defined but never used                        no-unused-vars
  Line 43:15:  'ToggleOnIcon' is defined but never used                    no-unused-vars
  Line 44:16:  'ToggleOffIcon' is defined but never used                   no-unused-vars
  Line 71:20:  'setRetryTab' is assigned a value but never used            no-unused-vars
  Line 235:9:  'handleSaveRule' is assigned a value but never used         no-unused-vars
  Line 245:9:  'handleRetryNow' is assigned a value but never used         no-unused-vars
  Line 267:9:  'getProgressColor' is assigned a value but never used       no-unused-vars
  Line 273:9:  'getStatusColor' is assigned a value but never used         no-unused-vars
  Line 282:9:  'getFilteredRetryLeads' is assigned a value but never used  no-unused-vars
  Line 303:9:  'getRetryStats' is assigned a value but never used          no-unused-vars

src\pages\SalesPipeline.jsx
  Line 21:3:   'Tooltip' is defined but never used                no-unused-vars
  Line 39:13:  'DeleteIcon' is defined but never used             no-unused-vars
  Line 40:17:  'ViewIcon' is defined but never used               no-unused-vars
  Line 41:12:  'EmailIcon' is defined but never used              no-unused-vars
  Line 42:12:  'PhoneIcon' is defined but never used              no-unused-vars
  Line 43:15:  'MoreVertIcon' is defined but never used           no-unused-vars
  Line 44:17:  'TrendingUpIcon' is defined but never used         no-unused-vars
  Line 45:18:  'AttachMoneyIcon' is defined but never used        no-unused-vars
  Line 46:15:  'ScheduleIcon' is defined but never used           no-unused-vars
  Line 47:13:  'PersonIcon' is defined but never used             no-unused-vars
  Line 49:20:  'DragIndicatorIcon' is defined but never used      no-unused-vars
  Line 50:17:  'FilterIcon' is defined but never used             no-unused-vars
  Line 277:9:  'stageOptions' is assigned a value but never used  no-unused-vars
  Line 310:9:  'getStageInfo' is assigned a value but never used  no-unused-vars

src\pages\Settings.jsx
  Line 83:15:  'DownloadIcon' is defined but never used  no-unused-vars

src\pages\SurveyDesigner.jsx
  Line 4:26:   'Card' is defined but never used                                      no-unused-vars
  Line 4:32:   'CardContent' is defined but never used                               no-unused-vars
  Line 4:53:   'Chip' is defined but never used                                      no-unused-vars
  Line 6:13:   'Alert' is defined but never used                                     no-unused-vars
  Line 6:48:   'Tooltip' is defined but never used                                   no-unused-vars
  Line 6:57:   'Avatar' is defined but never used                                    no-unused-vars
  Line 7:10:   'Switch' is defined but never used                                    no-unused-vars
  Line 7:36:   'Toolbar' is defined but never used                                   no-unused-vars
  Line 8:42:   'List' is defined but never used                                      no-unused-vars
  Line 8:48:   'ListItem' is defined but never used                                  no-unused-vars
  Line 8:58:   'ListItemText' is defined but never used                              no-unused-vars
  Line 11:10:  'AddIcon' is defined but never used                                   no-unused-vars
  Line 11:27:  'EditIcon' is defined but never used                                  no-unused-vars
  Line 14:37:  'SendIcon' is defined but never used                                  no-unused-vars
  Line 16:10:  'WebIcon' is defined but never used                                   no-unused-vars
  Line 16:28:  'PhoneIcon' is defined but never used                                 no-unused-vars
  Line 18:61:  'AttachFileIcon' is defined but never used                            no-unused-vars
  Line 20:41:  'VisibilityIcon' is defined but never used                            no-unused-vars
  Line 21:15:  'SettingsIcon' is defined but never used                              no-unused-vars
  Line 21:37:  'HelpIcon' is defined but never used                                  no-unused-vars
  Line 22:31:  'GetAppIcon' is defined but never used                                no-unused-vars
  Line 30:10:  'loaded' is assigned a value but never used                           no-unused-vars
  Line 50:10:  'settingsDialog' is assigned a value but never used                   no-unused-vars
  Line 50:26:  'setSettingsDialog' is assigned a value but never used                no-unused-vars
  Line 51:10:  'helpDialog' is assigned a value but never used                       no-unused-vars
  Line 51:22:  'setHelpDialog' is assigned a value but never used                    no-unused-vars
  Line 89:23:  'id' is defined but never used. Allowed unused args must match /^_/u  no-unused-vars
  Line 332:9:  'handleUpdateElement' is assigned a value but never used              no-unused-vars

src\pages\TaskManagement.jsx
  Line 9:3:    'Chip' is defined but never used                                                                                   no-unused-vars
  Line 10:3:   'TextField' is defined but never used                                                                              no-unused-vars
  Line 25:3:   'Divider' is defined but never used                                                                                no-unused-vars
  Line 32:17:  'FilterIcon' is defined but never used                                                                             no-unused-vars
  Line 35:15:  'MoreIcon' is defined but never used                                                                               no-unused-vars
  Line 60:10:  'filterMenuAnchor' is assigned a value but never used                                                              no-unused-vars
  Line 60:28:  'setFilterMenuAnchor' is assigned a value but never used                                                           no-unused-vars
  Line 76:48:  React Hook useMemo has a missing dependency: 'getStatistics'. Either include it or remove the dependency array     react-hooks/exhaustive-deps
  Line 77:57:  React Hook useMemo has a missing dependency: 'getOverdueTasks'. Either include it or remove the dependency array   react-hooks/exhaustive-deps
  Line 78:57:  React Hook useMemo has a missing dependency: 'getTasksDueSoon'. Either include it or remove the dependency array   react-hooks/exhaustive-deps
  Line 82:9:   'taskFilters' is never reassigned. Use 'const' instead                                                             prefer-const
  Line 97:6:   React Hook useMemo has a missing dependency: 'getFilteredTasks'. Either include it or remove the dependency array  react-hooks/exhaustive-deps

src\pages\TrainingAnalysis.jsx
  Line 9:53:   'TrainingIcon' is defined but never used             no-unused-vars
  Line 10:17:  'AnalyticsIcon' is defined but never used            no-unused-vars
  Line 10:46:  'TrendingUpIcon' is defined but never used           no-unused-vars
  Line 146:9:  'completedCount' is assigned a value but never used  no-unused-vars

src\pages\TrainingManagement.jsx
  Line 33:3:    'Tooltip' is defined but never used                    no-unused-vars
  Line 40:3:    'Badge' is defined but never used                      no-unused-vars
  Line 41:3:    'FormControlLabel' is defined but never used           no-unused-vars
  Line 42:3:    'Switch' is defined but never used                     no-unused-vars
  Line 45:3:    'Checkbox' is defined but never used                   no-unused-vars
  Line 46:3:    'FormGroup' is defined but never used                  no-unused-vars
  Line 60:18:   'CheckCircleIcon' is defined but never used            no-unused-vars
  Line 61:15:   'ScheduleIcon' is defined but never used               no-unused-vars
  Line 62:13:   'PersonIcon' is defined but never used                 no-unused-vars
  Line 66:15:   'SettingsIcon' is defined but never used               no-unused-vars
  Line 67:17:   'AssignmentIcon' is defined but never used             no-unused-vars
  Line 69:11:   'StarIcon' is defined but never used                   no-unused-vars
  Line 168:25:  'setAgentProgress' is assigned a value but never used  no-unused-vars

src\pages\Users.jsx
  Line 2:131:  'Switch' is defined but never used                       no-unused-vars
  Line 2:233:  'Tooltip' is defined but never used                      no-unused-vars
  Line 3:77:   'RefreshIcon' is defined but never used                  no-unused-vars
  Line 72:9:   'handleToggleActive' is assigned a value but never used  no-unused-vars

src\pages\VahanIntegration.jsx
  Line 24:16:  'SyncIcon' is defined but never used  no-unused-vars

src\pages\WhatsAppBotManagement.jsx
  Line 7:45:   'Badge' is defined but never used                          no-unused-vars
  Line 9:13:   'alpha' is defined but never used                          no-unused-vars
  Line 15:13:  'DeleteIcon' is defined but never used                     no-unused-vars
  Line 23:12:  'PhoneIcon' is defined but never used                      no-unused-vars
  Line 36:10:  'bots' is assigned a value but never used                  no-unused-vars
  Line 36:16:  'setBots' is assigned a value but never used               no-unused-vars
  Line 39:10:  'configDialogOpen' is assigned a value but never used      no-unused-vars
  Line 40:10:  'selectedExecutive' is assigned a value but never used     no-unused-vars
  Line 40:29:  'setSelectedExecutive' is assigned a value but never used  no-unused-vars

src\pages\WhatsappFlow.jsx
  Line 5:31:     'ListItemButton' is defined but never used               no-unused-vars
  Line 7:46:     'Switch' is defined but never used                       no-unused-vars
  Line 7:54:     'FormControlLabel' is defined but never used             no-unused-vars
  Line 8:3:      'Alert' is defined but never used                        no-unused-vars
  Line 8:10:     'Fab' is defined but never used                          no-unused-vars
  Line 8:38:     'Collapse' is defined but never used                     no-unused-vars
  Line 8:48:     'Badge' is defined but never used                        no-unused-vars
  Line 21:15:    'SettingsIcon' is defined but never used                 no-unused-vars
  Line 26:12:    'ErrorIcon' is defined but never used                    no-unused-vars
  Line 28:17:    'ExpandMoreIcon' is defined but never used               no-unused-vars
  Line 29:17:    'ExpandLessIcon' is defined but never used               no-unused-vars
  Line 35:18:    'TemplateIcon' is defined but never used                 no-unused-vars
  Line 49:10:    'selectedFlow' is assigned a value but never used        no-unused-vars
  Line 49:24:    'setSelectedFlow' is assigned a value but never used     no-unused-vars
  Line 51:10:    'editFlowDialog' is assigned a value but never used      no-unused-vars
  Line 51:26:    'setEditFlowDialog' is assigned a value but never used   no-unused-vars
  Line 52:10:    'viewFlowDialog' is assigned a value but never used      no-unused-vars
  Line 52:26:    'setViewFlowDialog' is assigned a value but never used   no-unused-vars
  Line 53:10:    'analyticsDialog' is assigned a value but never used     no-unused-vars
  Line 53:27:    'setAnalyticsDialog' is assigned a value but never used  no-unused-vars
  Line 54:10:    'expandedFlow' is assigned a value but never used        no-unused-vars
  Line 54:24:    'setExpandedFlow' is assigned a value but never used     no-unused-vars
  Line 775:32:   Unexpected console statement                             no-console
  Line 785:32:   Unexpected console statement                             no-console
  Line 795:32:   Unexpected console statement                             no-console
  Line 1016:11:  Unexpected console statement                             no-console
  Line 1118:40:  Unexpected console statement                             no-console
  Line 1128:40:  Unexpected console statement                             no-console
  Line 1138:40:  Unexpected console statement                             no-console

src\pages\WorkflowBuilder.jsx
  Line 11:3:    'Table' is defined but never used                                                                                   no-unused-vars
  Line 12:3:    'TableBody' is defined but never used                                                                               no-unused-vars
  Line 13:3:    'TableCell' is defined but never used                                                                               no-unused-vars
  Line 14:3:    'TableContainer' is defined but never used                                                                          no-unused-vars
  Line 15:3:    'TableHead' is defined but never used                                                                               no-unused-vars
  Line 16:3:    'TableRow' is defined but never used                                                                                no-unused-vars
  Line 37:3:    'Tooltip' is defined but never used                                                                                 no-unused-vars
  Line 39:3:    'ListItemIcon' is defined but never used                                                                            no-unused-vars
  Line 40:3:    'ListItemText' is defined but never used                                                                            no-unused-vars
  Line 67:16:   'FilterIcon' is defined but never used                                                                              no-unused-vars
  Line 73:11:   'InfoIcon' is defined but never used                                                                                no-unused-vars
  Line 74:18:   'CopyIcon' is defined but never used                                                                                no-unused-vars
  Line 78:11:   'LoopIcon' is defined but never used                                                                                no-unused-vars
  Line 93:5:    'updateWorkflow' is assigned a value but never used                                                                 no-unused-vars
  Line 122:52:  React Hook useMemo has a missing dependency: 'getExecutionStats'. Either include it or remove the dependency array  react-hooks/exhaustive-deps
  Line 246:9:   'getRecentActivity' is assigned a value but never used                                                              no-unused-vars

src\pages\collections\CollectionAnalytics.jsx
  Line 22:3:   'Divider' is defined but never used         no-unused-vars
  Line 24:3:   'List' is defined but never used            no-unused-vars
  Line 25:3:   'ListItem' is defined but never used        no-unused-vars
  Line 26:3:   'ListItemText' is defined but never used    no-unused-vars
  Line 27:3:   'ListItemAvatar' is defined but never used  no-unused-vars
  Line 34:13:  'PeopleIcon' is defined but never used      no-unused-vars
  Line 37:18:  'CheckIcon' is defined but never used       no-unused-vars
  Line 38:13:  'CancelIcon' is defined but never used      no-unused-vars
  Line 44:3:   'LineChart' is defined but never used       no-unused-vars
  Line 45:3:   'Line' is defined but never used            no-unused-vars

src\pages\collections\CollectionsDashboard.jsx
  Line 1:17:    'useState' is defined but never used                                     no-unused-vars
  Line 15:3:    'Paper' is defined but never used                                        no-unused-vars
  Line 27:19:   'TrendingDownIcon' is defined but never used                             no-unused-vars
  Line 28:13:   'PeopleIcon' is defined but never used                                   no-unused-vars
  Line 35:12:   'EmailIcon' is defined but never used                                    no-unused-vars
  Line 36:14:   'MessageIcon' is defined but never used                                  no-unused-vars
  Line 38:20:   'NotificationsIcon' is defined but never used                            no-unused-vars
  Line 42:31:   'BarChart' is defined but never used                                     no-unused-vars
  Line 42:41:   'Bar' is defined but never used                                          no-unused-vars
  Line 645:49:  'index' is defined but never used. Allowed unused args must match /^_/u  no-unused-vars

src\pages\collections\ComplianceDisputes.jsx
  Line 9:46:   'Switch' is defined but never used            no-unused-vars
  Line 9:54:   'FormControlLabel' is defined but never used  no-unused-vars
  Line 15:15:  'ScheduleIcon' is defined but never used      no-unused-vars
  Line 19:12:  'GavelIcon' is defined but never used         no-unused-vars
  Line 22:12:  'PhoneIcon' is defined but never used         no-unused-vars

src\pages\collections\CustomerDatabase.jsx
  Line 18:3:   'Paper' is defined but never used                                                                                 no-unused-vars
  Line 31:3:   'Dialog' is defined but never used                                                                                no-unused-vars
  Line 32:3:   'DialogTitle' is defined but never used                                                                           no-unused-vars
  Line 33:3:   'DialogContent' is defined but never used                                                                         no-unused-vars
  Line 34:3:   'DialogActions' is defined but never used                                                                         no-unused-vars
  Line 35:3:   'Checkbox' is defined but never used                                                                              no-unused-vars
  Line 36:3:   'FormControlLabel' is defined but never used                                                                      no-unused-vars
  Line 48:21:  'AccountBalanceIcon' is defined but never used                                                                    no-unused-vars
  Line 50:12:  'CloseIcon' is defined but never used                                                                             no-unused-vars
  Line 51:11:  'EditIcon' is defined but never used                                                                              no-unused-vars
  Line 194:6:  React Hook useEffect has a missing dependency: 'mockCustomers'. Either include it or remove the dependency array  react-hooks/exhaustive-deps

src\pages\collections\CustomerProfile.jsx
  Line 4:52:   'Alert' is defined but never used               no-unused-vars
  Line 5:27:   'TextField' is defined but never used           no-unused-vars
  Line 5:49:   'Paper' is defined but never used               no-unused-vars
  Line 5:65:   'List' is defined but never used                no-unused-vars
  Line 5:71:   'ListItem' is defined but never used            no-unused-vars
  Line 6:3:    'ListItemText' is defined but never used        no-unused-vars
  Line 6:17:   'ListItemIcon' is defined but never used        no-unused-vars
  Line 7:24:   'Dialog' is defined but never used              no-unused-vars
  Line 7:32:   'DialogTitle' is defined but never used         no-unused-vars
  Line 7:45:   'DialogContent' is defined but never used       no-unused-vars
  Line 7:60:   'DialogActions' is defined but never used       no-unused-vars
  Line 8:3:    'FormControl' is defined but never used         no-unused-vars
  Line 8:16:   'InputLabel' is defined but never used          no-unused-vars
  Line 8:28:   'Select' is defined but never used              no-unused-vars
  Line 8:36:   'MenuItem' is defined but never used            no-unused-vars
  Line 13:17:  'CreditCardIcon' is defined but never used      no-unused-vars
  Line 14:53:  'TimelineIcon' is defined but never used        no-unused-vars
  Line 15:45:  'MonetizationOnIcon' is defined but never used  no-unused-vars
  Line 16:17:  'TrendingUpIcon' is defined but never used      no-unused-vars
  Line 16:47:  'AssessmentIcon' is defined but never used      no-unused-vars
  Line 17:35:  'CallIcon' is defined but never used            no-unused-vars
  Line 17:53:  'SaveIcon' is defined but never used            no-unused-vars
  Line 18:13:  'CancelIcon' is defined but never used          no-unused-vars
  Line 18:40:  'AttachMoneyIcon' is defined but never used     no-unused-vars
  Line 19:14:  'HistoryIcon' is defined but never used         no-unused-vars
  Line 40:9:   'theme' is assigned a value but never used      no-unused-vars
  Line 42:10:  'editMode' is assigned a value but never used   no-unused-vars

src\pages\collections\DebtorDetails.jsx
  Line 12:60:   'HistoryIcon' is defined but never used                         no-unused-vars
  Line 16:19:   'PriorityHighIcon' is defined but never used                    no-unused-vars
  Line 16:51:   'LocalOfferIcon' is defined but never used                      no-unused-vars
  Line 17:15:   'SettingsIcon' is defined but never used                        no-unused-vars
  Line 20:58:   'NotificationsIcon' is defined but never used                   no-unused-vars
  Line 22:17:   'AssessmentIcon' is defined but never used                      no-unused-vars
  Line 22:46:   'LightbulbIcon' is defined but never used                       no-unused-vars
  Line 34:11:   'LinkIcon' is defined but never used                            no-unused-vars
  Line 127:10:  'reconciliationRequests' is assigned a value but never used     no-unused-vars
  Line 127:34:  'setReconciliationRequests' is assigned a value but never used  no-unused-vars

src\pages\collections\DebtorManagement.jsx
  Line 22:3:     'Menu' is defined but never used                                                                                no-unused-vars
  Line 43:3:     'Tooltip' is defined but never used                                                                             no-unused-vars
  Line 44:3:     'Badge' is defined but never used                                                                               no-unused-vars
  Line 51:17:    'FilterIcon' is defined but never used                                                                          no-unused-vars
  Line 52:15:    'MoreIcon' is defined but never used                                                                            no-unused-vars
  Line 61:14:    'HistoryIcon' is defined but never used                                                                         no-unused-vars
  Line 79:13:    'DeleteIcon' is defined but never used                                                                          no-unused-vars
  Line 84:11:    'LinkIcon' is defined but never used                                                                            no-unused-vars
  Line 96:10:    'filterAnchor' is assigned a value but never used                                                               no-unused-vars
  Line 96:24:    'setFilterAnchor' is assigned a value but never used                                                            no-unused-vars
  Line 97:10:    'selectedFilter' is assigned a value but never used                                                             no-unused-vars
  Line 97:26:    'setSelectedFilter' is assigned a value but never used                                                          no-unused-vars
  Line 110:26:   'setSelectedDebtor' is assigned a value but never used                                                          no-unused-vars
  Line 665:6:    React Hook useEffect has a missing dependency: 'mockDebtors'. Either include it or remove the dependency array  react-hooks/exhaustive-deps
  Line 831:13:   'debtor' is assigned a value but never used                                                                     no-unused-vars
  Line 868:15:   'debtor' is assigned a value but never used                                                                     no-unused-vars
  Line 3360:11:  Unexpected console statement                                                                                    no-console

src\pages\collections\DebtorManagementLostClosed.jsx
  Line 8:3:    'Button' is defined but never used                                                                                  no-unused-vars
  Line 18:3:   'Paper' is defined but never used                                                                                   no-unused-vars
  Line 150:6:  React Hook useEffect has a missing dependency: 'mockLostDebtors'. Either include it or remove the dependency array  react-hooks/exhaustive-deps

src\pages\collections\DebtorManagementRecoveredClosed.jsx
  Line 8:3:    'Button' is defined but never used                                                                                       no-unused-vars
  Line 18:3:   'Paper' is defined but never used                                                                                        no-unused-vars
  Line 138:6:  React Hook useEffect has a missing dependency: 'mockRecoveredDebtors'. Either include it or remove the dependency array  react-hooks/exhaustive-deps

src\pages\collections\DebtorPortal.jsx
  Line 41:3:   'LinearProgress' is defined but never used                                                                                                                  no-unused-vars
  Line 140:6:  React Hook useEffect has missing dependencies: 'mockDebtorAccount.email' and 'mockDebtorAccount.phone'. Either include them or remove the dependency array  react-hooks/exhaustive-deps
  Line 145:7:  Unexpected console statement                                                                                                                                no-console
  Line 149:7:  Unexpected console statement                                                                                                                                no-console
  Line 155:5:  Unexpected console statement                                                                                                                                no-console
  Line 161:5:  Unexpected console statement                                                                                                                                no-console
  Line 167:5:  Unexpected console statement                                                                                                                                no-console
  Line 280:9:  'changes' is never reassigned. Use 'const' instead                                                                                                          prefer-const

src\pages\collections\HardshipPrograms.jsx
  Line 8:36:   'Stack' is defined but never used                  no-unused-vars
  Line 20:11:  'EditIcon' is defined but never used               no-unused-vars
  Line 22:18:  'MoneyIcon' is defined but never used              no-unused-vars
  Line 24:12:  'PhoneIcon' is defined but never used              no-unused-vars
  Line 25:12:  'EmailIcon' is defined but never used              no-unused-vars
  Line 197:9:  'programTypes' is assigned a value but never used  no-unused-vars

src\pages\collections\LegalEscalation.jsx
  Line 37:3:   'FormControlLabel' is defined but never used                                                                             no-unused-vars
  Line 56:13:  'CancelIcon' is defined but never used                                                                                   no-unused-vars
  Line 58:14:  'WarningIcon' is defined but never used                                                                                  no-unused-vars
  Line 61:13:  'PersonIcon' is defined but never used                                                                                   no-unused-vars
  Line 188:6:  React Hook React.useEffect has a missing dependency: 'mockLegalCases'. Either include it or remove the dependency array  react-hooks/exhaustive-deps
  Line 216:7:  Unexpected console statement                                                                                             no-console
  Line 254:9:  'handleViewDocument' is assigned a value but never used                                                                  no-unused-vars

src\pages\collections\PTPTracking.jsx
  Line 15:3:    'Paper' is defined but never used                 no-unused-vars
  Line 23:3:    'FormControl' is defined but never used           no-unused-vars
  Line 24:3:    'InputLabel' is defined but never used            no-unused-vars
  Line 25:3:    'Select' is defined but never used                no-unused-vars
  Line 26:3:    'MenuItem' is defined but never used              no-unused-vars
  Line 27:3:    'Alert' is defined but never used                 no-unused-vars
  Line 208:11:  'currentTime' is assigned a value but never used  no-unused-vars

src\pages\collections\PaymentReconciliation.jsx
  Line 15:3:   'Paper' is defined but never used                    no-unused-vars
  Line 30:3:   'Divider' is defined but never used                  no-unused-vars
  Line 34:3:   'ListItemSecondaryAction' is defined but never used  no-unused-vars
  Line 35:3:   'Stepper' is defined but never used                  no-unused-vars
  Line 36:3:   'Step' is defined but never used                     no-unused-vars
  Line 37:3:   'StepLabel' is defined but never used                no-unused-vars
  Line 41:13:  'CancelIcon' is defined but never used               no-unused-vars
  Line 42:14:  'WarningIcon' is defined but never used              no-unused-vars
  Line 45:13:  'UnlinkIcon' is defined but never used               no-unused-vars
  Line 48:14:  'RefreshIcon' is defined but never used              no-unused-vars
  Line 49:13:  'SearchIcon' is defined but never used               no-unused-vars
  Line 202:5:  Unexpected console statement                         no-console
  Line 209:5:  Unexpected console statement                         no-console

src\pages\collections\PortfolioOnboarding.jsx
  Line 42:10:  'AddIcon' is defined but never used                no-unused-vars
  Line 70:10:  'workflowData' is assigned a value but never used  no-unused-vars

src\pages\collections\SettlementAutomation.jsx
  Line 7:16:   'InputLabel' is defined but never used                     no-unused-vars
  Line 7:28:   'Select' is defined but never used                         no-unused-vars
  Line 7:36:   'MenuItem' is defined but never used                       no-unused-vars
  Line 8:47:   'LinearProgress' is defined but never used                 no-unused-vars
  Line 10:43:  'TablePagination' is defined but never used                no-unused-vars
  Line 10:60:  'Collapse' is defined but never used                       no-unused-vars
  Line 17:15:  'ScheduleIcon' is defined but never used                   no-unused-vars
  Line 20:14:  'ApprovedIcon' is defined but never used                   no-unused-vars
  Line 21:16:  'RejectedIcon' is defined but never used                   no-unused-vars
  Line 22:15:  'AutoIcon' is defined but never used                       no-unused-vars
  Line 30:19:  'VerifiedUserIcon' is defined but never used               no-unused-vars
  Line 36:17:  'FilterIcon' is defined but never used                     no-unused-vars
  Line 38:12:  'CheckIcon' is defined but never used                      no-unused-vars
  Line 60:10:  'eligibilityResults' is assigned a value but never used    no-unused-vars
  Line 75:27:  'setSettlementPlans' is assigned a value but never used    no-unused-vars
  Line 293:9:  'handleOpenCalculator' is assigned a value but never used  no-unused-vars
  Line 312:9:  'getStatusColor' is assigned a value but never used        no-unused-vars
  Line 326:9:  'handleEditOffer' is assigned a value but never used       no-unused-vars
  Line 341:9:  'handleSendReminder' is assigned a value but never used    no-unused-vars

src\pages\collections\SettlementManagement.jsx
  Line 15:3:   'Paper' is defined but never used         no-unused-vars
  Line 32:3:   'Divider' is defined but never used       no-unused-vars
  Line 50:18:  'MoneyIcon' is defined but never used     no-unused-vars
  Line 53:14:  'ArchiveIcon' is defined but never used   no-unused-vars
  Line 54:12:  'GroupIcon' is defined but never used     no-unused-vars
  Line 55:18:  'DocumentIcon' is defined but never used  no-unused-vars

src\pages\collections\SkipTracing.jsx
  Line 5:36:    'Tabs' is defined but never used                       no-unused-vars
  Line 5:42:    'Tab' is defined but never used                        no-unused-vars
  Line 6:47:    'Badge' is defined but never used                      no-unused-vars
  Line 28:12:   'ErrorIcon' is defined but never used                  no-unused-vars
  Line 48:10:   'tabValue' is assigned a value but never used          no-unused-vars
  Line 48:20:   'setTabValue' is assigned a value but never used       no-unused-vars
  Line 87:5:    Unexpected console statement                           no-console
  Line 486:5:   Expected a default case                                default-case
  Line 517:11:  Expected a default case                                default-case
  Line 543:7:   Expected a default case                                default-case
  Line 569:11:  Expected a default case                                default-case
  Line 618:7:   Expected a default case                                default-case
  Line 663:9:   'actionType' is never reassigned. Use 'const' instead  prefer-const
  Line 665:5:   Expected a default case                                default-case

src\pages\collections\WorkflowManager.jsx
  Line 7:3:     'List' is defined but never used                     no-unused-vars
  Line 7:9:     'ListItem' is defined but never used                 no-unused-vars
  Line 7:19:    'ListItemText' is defined but never used             no-unused-vars
  Line 7:33:    'ListItemIcon' is defined but never used             no-unused-vars
  Line 10:3:    'Slider' is defined but never used                   no-unused-vars
  Line 27:13:   'CancelIcon' is defined but never used               no-unused-vars
  Line 28:19:   'VoiceOverOffIcon' is defined but never used         no-unused-vars
  Line 32:20:   'DragIcon' is defined but never used                 no-unused-vars
  Line 44:17:   'FilterIcon' is defined but never used               no-unused-vars
  Line 191:23:  'setDialerQueue' is assigned a value but never used  no-unused-vars
  Line 253:18:  'setAgents' is assigned a value but never used       no-unused-vars

src\services\api.js
  Line 2053:35:  'token' is defined but never used. Allowed unused args must match /^_/u  no-unused-vars
  Line 2079:47:  'email' is defined but never used. Allowed unused args must match /^_/u  no-unused-vars

src\services\autoAssignmentService.js
  Line 81:7:    'nextIndex' is never reassigned. Use 'const' instead            prefer-const
  Line 361:53:  'prioritizeLoad' is assigned a value but never used             no-unused-vars
  Line 442:5:   'maxCapacity' is assigned a value but never used                no-unused-vars
  Line 554:1:   Assign object to a variable before exporting as module default  import/no-anonymous-default-export

src\services\callAttemptService.js
  Line 6:8:     'api' is defined but never used               no-unused-vars
  Line 281:31:  'filters' is assigned a value but never used  no-unused-vars
  Line 442:7:   Expected a default case                       default-case

src\services\callService.js
  Line 134:7:  Unexpected console statement  no-console

src\services\commissionService.js
  Line 450:1:  Assign object to a variable before exporting as module default  import/no-anonymous-default-export

src\services\documentService.js
  Line 273:5:  Unexpected console statement  no-console
  Line 304:5:  Unexpected console statement  no-console

src\services\leadScoringService.js
  Line 352:45:  'leadData' is defined but never used. Allowed unused args must match /^_/u  no-unused-vars
  Line 353:9:   'grade' is assigned a value but never used                                  no-unused-vars
  Line 414:1:   Assign object to a variable before exporting as module default              import/no-anonymous-default-export

src\services\paymentLinkService.js
  Line 1:8:     'api' is defined but never used                                           no-unused-vars
  Line 304:27:  'linkId' is defined but never used. Allowed unused args must match /^_/u  no-unused-vars
  Line 304:35:  'reason' is defined but never used. Allowed unused args must match /^_/u  no-unused-vars
  Line 325:22:  'linkId' is defined but never used. Allowed unused args must match /^_/u  no-unused-vars
  Line 346:25:  'filters' is assigned a value but never used                              no-unused-vars

src\services\slaAPI.js
  Line 793:1:  Assign object to a variable before exporting as module default  import/no-anonymous-default-export

src\services\slaService.js
  Line 307:1:  Assign object to a variable before exporting as module default  import/no-anonymous-default-export

src\services\taskManagementService.js
  Line 229:13:  'found' is assigned a value but never used                      no-unused-vars
  Line 501:1:   Assign object to a variable before exporting as module default  import/no-anonymous-default-export

src\services\whatsappBotService.js
  Line 188:7:   Unexpected console statement                                                   no-console
  Line 200:21:  'to' is assigned a value but never used                                        no-unused-vars
  Line 200:31:  'timestamp' is assigned a value but never used                                 no-unused-vars
  Line 200:42:  'messageId' is assigned a value but never used                                 no-unused-vars
  Line 233:33:  'messageData' is defined but never used. Allowed unused args must match /^_/u  no-unused-vars
  Line 299:5:   Unexpected console statement                                                   no-console
  Line 306:5:   Unexpected console statement                                                   no-console
  Line 313:5:   Unexpected console statement                                                   no-console
  Line 334:7:   Unexpected console statement                                                   no-console
  Line 348:5:   Expected a default case                                                        default-case

src\services\workflowService.js
  Line 282:25:  Expected '===' and instead saw '=='                                                    eqeqeq
  Line 284:25:  Expected '!==' and instead saw '!='                                                    eqeqeq
  Line 319:51:  'context' is assigned a value but never used                                           no-unused-vars
  Line 335:7:   Unexpected console statement                                                           no-console
  Line 339:7:   Unexpected console statement                                                           no-console
  Line 343:7:   Unexpected console statement                                                           no-console
  Line 347:7:   Unexpected console statement                                                           no-console
  Line 352:7:   Unexpected console statement                                                           no-console
  Line 356:7:   Unexpected console statement                                                           no-console
  Line 361:7:   Unexpected console statement                                                           no-console
  Line 379:29:  Function declared in a loop contains unsafe references to variable(s) 'currentNodeId'  no-loop-func
  Line 505:1:   Assign object to a variable before exporting as module default                         import/no-anonymous-default-export

src\utils\logger.js
  Line 11:7:  Unexpected console statement  no-console
  Line 29:7:  Unexpected console statement  no-console
  Line 35:7:  Unexpected console statement  no-console

Search for the keywords to learn more about each warning.
To ignore, add // eslint-disable-next-line to the line before.

File sizes after gzip:

  1.83 MB (+2.96 kB)  build\static\js\main.dd5c6035.js
  2.15 kB             build\static\css\main.b578cf04.css
  2.09 kB             build\static\js\488.2b434b97.chunk.js

The bundle size is significantly larger than recommended.
Consider reducing it with code splitting: https://goo.gl/9VhYWB
You can also analyze the project dependencies: https://goo.gl/LeUzfb

The project was built assuming it is hosted at /.
You can control this with the homepage field in your package.json.

The build folder is ready to be deployed.
You may serve it with a static server:

  npm install -g serve
  serve -s build

Find out more about deployment here:

  https://cra.link/deployment

